input:
  todo_file: test_todo.txt
output: |
  19,30,cat
  4201,4209,cat
  4648,4664,cat
  4703,4712,cat
  6116,6127,cat
  6264,6273,cat
  8663,8684,cat
  8922,8939,cat
  51,60,mom
  181,214,mom
  298,327,mom
  319,326,date
  340,365,mom
  356,364,date
  387,397,mom
  398,426,mom.done
  427,695,mom
  904,927,mom
  996,1014,mom
  1142,1158,mom
  1211,1294,mom
  1295,1332,mom.done
  1337,1436,com.done
  1437,1463,mom.done
  1468,1806,com.done
  1807,1831,mom.done
  1832,1875,mom
  1949,1978,mom
  1979,2006,mom.done
  2007,2040,mom
  2346,2375,mom.done
  2380,2422,com.done
  2423,2541,mom.done
  2542,2661,mom
  2723,2772,mom
  2765,2771,date
  2773,2806,mom
  2799,2805,date
  2860,2869,mom
  3019,3028,mom
  3029,3057,mom.done
  3058,3174,mom
  3226,3292,mom
  3293,3348,mom.done
  3351,3361,com.done
  3362,3402,mom.done
  3406,3587,com.done
  3588,3615,mom
  3693,3730,mom
  3786,3802,mom
  3900,3917,mom
  3973,4011,mom
  4084,4121,mom.priority
  4123,4159,mom
  4230,4300,mom
  4423,4479,mom
  4526,4538,mom.done
  4539,4581,mom
  4733,4823,mom
  5063,5071,mom
  5072,5088,mom.done
  5089,5186,mom
  5218,5316,mom
  5478,5487,mom
  5656,5676,mom
  5785,5801,mom
  5841,5854,mom
  5916,5931,mom
  5982,5991,mom
  6148,6243,mom
  6294,6303,mom
  6304,6378,mom.done
  6381,6644,com.done
  6645,6755,mom
  6756,6796,mom.done
  6799,6876,com.done
  6877,6903,mom.done
  6906,7114,com.done
  7115,7162,mom.done
  7163,7219,mom
  7220,7245,mom.done
  7248,7280,com.done
  7282,7310,mom
  7371,7452,mom
  7567,7621,mom
  7622,7898,mom.done
  7902,7980,com.done
  7981,8022,mom
  8023,8075,mom.done
  8078,8153,com.done
  8154,8194,mom
  8240,8267,mom.done
  8271,8346,com.done
  8347,8430,mom
  8524,8552,mom
  8587,8642,mom
  8704,8727,mom
  8715,8726,date
  8728,8749,mom
  8738,8748,date
  8750,8770,mom
  8759,8769,date
  8771,8791,mom
  8779,8790,date
  8792,8812,mom
  8800,8811,date
  8813,8834,mom
  8822,8833,date
  8835,8856,mom
  8844,8855,date
  8857,8879,mom
  8867,8878,date
  8880,8901,mom
  8889,8900,date
  8959,8995,mom.until6
  8976,8994,date
  8996,9023,mom.until6
  9004,9022,date
  9024,9054,mom.until10
  9044,9053,date
  9055,9085,mom
  9075,9084,date
  9086,9120,mom
  9111,9119,date
  9121,9155,mom.done
  9157,9251,com.done
  9253,9295,mom.done
  9297,9312,com.done
  9313,9444,mom.done
  9448,9498,com.done
  9500,9563,mom.done
  9566,9640,com.done
  9641,9739,mom.done
  9742,10443,com.done
  10445,10601,mom.done
  10604,10607,com.done
  10608,10647,mom.done
  10650,10667,com.done
