input:
  todo_file: test_todo.txt
  optimize: false
output: |
  20,31,cat
  4339,4347,cat
  4802,4818,cat
  4861,4870,cat
  6338,6349,cat
  6494,6503,cat
  8956,8977,cat
  9228,9245,cat
  55,64,mom
  188,221,mom
  309,338,mom
  330,337,date
  354,379,mom
  370,378,date
  404,414,mom
  416,430,mom.done
  432,445,mom.done
  447,464,mom
  466,475,mom
  479,486,mom
  488,508,mom
  510,567,mom
  571,585,mom
  587,599,mom
  601,616,mom
  618,631,mom
  633,644,mom
  646,662,mom
  664,675,mom
  677,685,mom
  689,699,mom
  701,732,mom
  946,969,mom
  1041,1059,mom
  1191,1207,mom
  1264,1281,mom
  1283,1308,mom
  1310,1331,mom
  1333,1350,mom
  1352,1389,mom.done
  1395,1447,com.done
  1453,1495,com.done
  1497,1523,mom.done
  1529,1587,com.done
  1593,1630,com.done
  1636,1720,com.done
  1726,1777,com.done
  1783,1814,com.done
  1820,1872,com.done
  1874,1898,mom.done
  1900,1943,mom
  2019,2048,mom
  2050,2077,mom.done
  2079,2112,mom
  2423,2433,mom.done
  2435,2453,mom.done
  2459,2482,com.done
  2488,2502,com.done
  2504,2563,mom.done
  2565,2588,mom.done
  2590,2608,mom.done
  2610,2625,mom.done
  2627,2635,mom
  2639,2748,mom
  2813,2828,mom
  2830,2863,mom
  2856,2862,date
  2865,2898,mom
  2891,2897,date
  2955,2964,mom
  3119,3128,mom
  3130,3158,mom.done
  3160,3178,mom
  3180,3201,mom
  3203,3236,mom
  3238,3279,mom
  3333,3399,mom
  3401,3456,mom.done
  3460,3470,com.done
  3472,3512,mom.done
  3517,3560,com.done
  3565,3618,com.done
  3623,3700,com.done
  3702,3729,mom
  3809,3846,mom
  3906,3922,mom
  4023,4040,mom
  4099,4137,mom
  4213,4250,mom.priority
  4254,4274,mom
  4278,4292,mom
  4371,4441,mom
  4567,4584,mom
  4586,4609,mom
  4611,4625,mom
  4674,4686,mom.done
  4688,4701,mom
  4703,4731,mom
  4894,4920,mom
  4924,4945,mom
  4949,4988,mom
  5237,5245,mom
  5247,5263,mom.done
  5265,5292,mom
  5294,5309,mom
  5311,5328,mom
  5330,5345,mom
  5347,5366,mom
  5400,5418,mom
  5420,5438,mom
  5444,5453,mom
  5455,5465,mom
  5467,5482,mom
  5484,5492,mom
  5494,5506,mom
  5676,5685,mom
  5859,5879,mom
  5993,6009,mom
  6051,6064,mom
  6129,6144,mom
  6199,6208,mom
  6373,6411,mom
  6413,6437,mom
  6439,6470,mom
  6527,6536,mom
  6538,6612,mom.done
  6616,6728,com.done
  6732,6857,com.done
  6861,6881,com.done
  6883,6993,mom
  6995,7035,mom.done
  7039,7096,com.done
  7100,7117,com.done
  7119,7145,mom.done
  7149,7237,com.done
  7241,7320,com.done
  7324,7359,com.done
  7361,7384,mom.done
  7386,7410,mom.done
  7412,7426,mom
  7428,7444,mom
  7446,7470,mom
  7472,7497,mom.done
  7501,7533,com.done
  7537,7565,mom
  7629,7649,mom
  7651,7660,mom
  7662,7712,mom
  7830,7837,mom
  7839,7867,mom
  7869,7887,mom
  7889,7959,mom.done
  7961,7998,mom.done
  8000,8101,mom.done
  8103,8169,mom.done
  8174,8226,com.done
  8231,8253,com.done
  8255,8296,mom
  8298,8350,mom.done
  8354,8421,com.done
  8425,8430,com.done
  8432,8472,mom
  8521,8548,mom.done
  8553,8628,com.done
  8630,8655,mom
  8657,8680,mom
  8682,8715,mom
  8812,8840,mom
  8877,8932,mom
  8999,9022,mom
  9010,9021,date
  9024,9045,mom
  9034,9044,date
  9047,9067,mom
  9056,9066,date
  9069,9089,mom
  9077,9088,date
  9091,9111,mom
  9099,9110,date
  9113,9134,mom
  9122,9133,date
  9136,9157,mom
  9145,9156,date
  9159,9181,mom
  9169,9180,date
  9183,9204,mom
  9192,9203,date
  9267,9303,mom.until10
  9284,9302,date
  9305,9332,mom.until10
  9313,9331,date
  9334,9364,mom
  9354,9363,date
  9366,9396,mom
  9386,9395,date
  9398,9432,mom
  9423,9431,date
  9434,9468,mom.done
  9471,9565,com.done
  9569,9611,mom.done
  9614,9629,com.done
  9631,9676,mom.done
  9678,9719,mom.done
  9721,9764,mom.done
  9770,9820,com.done
  9824,9851,mom.done
  9853,9888,mom.done
  9892,9966,com.done
  9968,10005,mom.done
  10007,10067,mom.done
  10071,10114,com.done
  10118,10122,com.done
  10126,10195,com.done
  10199,10238,com.done
  10242,10276,com.done
  10278,10278,com.done
  10282,10328,com.done
  10332,10407,com.done
  10411,10486,com.done
  10488,10488,com.done
  10492,10507,com.done
  10511,10549,com.done
  10553,10553,com.done
  10557,10569,com.done
  10573,10592,com.done
  10596,10623,com.done
  10627,10655,com.done
  10659,10676,com.done
  10680,10710,com.done
  10712,10712,com.done
  10716,10744,com.done
  10746,10746,com.done
  10750,10796,com.done
  10800,10835,mom.done
  10837,10850,mom.done
  10854,10911,mom.done
  10913,10960,mom.done
  10964,10967,com.done
  10969,11008,mom.done
  11012,11029,com.done
