input:
  todo_file: test_todo.txt
output:
  outline:
  - name: umdolo
    startLine: 4
    endLine: 5
    detail: ''
  - name: iquaUt en ima dminimv eniamqui
    startLine: 7
    endLine: 9
    detail: ''
  - name: uat Duisauteiru
    startLine: 11
    endLine: 12
    detail: ' - 31.3.22'
  - name: nrep rehen
    startLine: 14
    endLine: 15
    detail: ' - 31.10.22'
  - name: velites
    startLine: 17
    endLine: 21
    detail: ''
  - name: rExc
    startLine: 23
    endLine: 25
    detail: ''
  - name: ade seruntm
    startLine: 27
    endLine: 34
    detail: ''
  - name: radipis
    startLine: 36
    endLine: 43
    detail: ''
  - name: turE xcepte urs
    startLine: 45
    endLine: 47
    detail: ''
  - name: tcon se ctetu
    startLine: 49
    endLine: 51
    detail: ''
  - name: duntutla boree
    startLine: 53
    endLine: 85
    detail: ''
  - name: ecatcup idatatn "onproi dentsu ntinculp aquioffi ciades eruntmo" ll itani
      mide stla bo Lor emipsum dolorsi
    startLine: 87
    endLine: 88
    detail: ''
  - name: por inci-did
    startLine: 90
    endLine: 90
    detail: ''
  - name: untu tlab oree tdolor
    startLine: 91
    endLine: 91
    detail: 1.6.21 - 1.6.21
  - name: em ag naali quaU teni
    startLine: 92
    endLine: 93
    detail: 1.5.21 - 1.5.21
  - name: amcola
    startLine: 95
    endLine: 98
    detail: ''
  - name: iaturE
    startLine: 100
    endLine: 117
    detail: ''
  - name: dmini mveniam
    startLine: 120
    endLine: 122
    detail: ''
  - name: ur edolorinrep
    startLine: 123
    endLine: 124
    detail: ''
  - name: eufugi atnullap ariatu / rExcepteur
    startLine: 126
    endLine: 127
    detail: ''
  - name: ntmol litan imi dest laboru Lorem
    startLine: 129
    endLine: 129
    detail: ''
  - name: ipsum dolors ita?
    startLine: 131
    endLine: 131
    detail: ''
  - name: metcon sect
    startLine: 133
    endLine: 135
    detail: ''
  - name: ddoei://usm.odtempo.rin/cidid?u=ntutlabore8 etdol ore mag naaliquaU
    startLine: 141
    endLine: 143
    detail: ''
  - name: teirured olori
    startLine: 144
    endLine: 144
    detail: ''
  - name: nrepreh ender it inv
    startLine: 145
    endLine: 151
    detail: ''
  - name: est Loremipsu mdo lorsi
    startLine: 161
    endLine: 161
    detail: ''
  - name: tam etco ns ectetu
    startLine: 163
    endLine: 163
    detail: ''
  - name: radip iscinge lits eddoeiusmo dt emp
    startLine: 165
    endLine: 172
    detail: ''
  - name: reeuf
    startLine: 174
    endLine: 183
    detail: ''
  - name: etcons
    startLine: 186
    endLine: 186
    detail: ''
  - name: ecte tu
    startLine: 187
    endLine: 216
    detail: ''
  - name: trudex
    startLine: 217
    endLine: 219
    detail: ''
  - name: itinvolu ptate velitesse ci llumdol
    startLine: 225
    endLine: 225
    detail: ''
  - name: oreeufu++ giat nullap
    startLine: 226
    endLine: 226
    detail: ''
  - name: ariat urExc epteur sint occa
    startLine: 227
    endLine: 227
    detail: ''
  - name: datatn
    startLine: 233
    endLine: 252
    detail: ''
  - name: tincu lpaqu ioff iciadese
    startLine: 254
    endLine: 256
    detail: ''
  - name: sectetura dipisci
    startLine: 257
    endLine: 257
    detail: ''
  - name: ngelit
    startLine: 258
    endLine: 261
    detail: ''
  - name: uipe
    startLine: 262
    endLine: 263
    detail: ''
  - name: isaut eiru redo
    startLine: 264
    endLine: 287
    detail: ''
  - name: eeufug
    startLine: 292
    endLine: 292
    detail: every 02.12
  - name: iatnu
    startLine: 293
    endLine: 293
    detail: every 25.9
  - name: llap
    startLine: 294
    endLine: 294
    detail: every 3.12
  - name: ari
    startLine: 295
    endLine: 295
    detail: every 02.11
  - name: atu
    startLine: 296
    endLine: 296
    detail: every 01.12
  - name: rExc
    startLine: 297
    endLine: 297
    detail: every 15.12
  - name: epte
    startLine: 298
    endLine: 298
    detail: every 11.08
  - name: ursin
    startLine: 299
    endLine: 299
    detail: every 18.08
  - name: tocc
    startLine: 300
    endLine: 300
    detail: every 30.10
  - name: nonpro/ident
    startLine: 305
    endLine: 305
    detail: every 2nd saturday
  - name: sun
    startLine: 306
    endLine: 306
    detail: every 4th saturday
  - name: tincu & lpaquio
    startLine: 307
    endLine: 307
    detail: every 15.
  - name: ffici & adeseru
    startLine: 308
    endLine: 308
    detail: every 28.
  - name: ntmoll itanim idestl
    startLine: 309
    endLine: 309
    detail: every 3.
