input:
  todo_file: test_todo.txt
output: |
  {
    "outline": [
      {
        "detail": "", 
        "end_line": 5, 
        "name": "umdolo", 
        "start_line": 4
      }, 
      {
        "detail": "", 
        "end_line": 9, 
        "name": "iquaUt en ima dminimv eniamqui", 
        "start_line": 7
      }, 
      {
        "detail": " - 31.3.22", 
        "end_line": 12, 
        "name": "uat Duisauteiru", 
        "start_line": 11
      }, 
      {
        "detail": " - 31.10.22", 
        "end_line": 15, 
        "name": "nrep rehen", 
        "start_line": 14
      }, 
      {
        "detail": "", 
        "end_line": 21, 
        "name": "velites", 
        "start_line": 17
      }, 
      {
        "detail": "", 
        "end_line": 25, 
        "name": "rExc", 
        "start_line": 23
      }, 
      {
        "detail": "", 
        "end_line": 34, 
        "name": "ade seruntm", 
        "start_line": 27
      }, 
      {
        "detail": "", 
        "end_line": 43, 
        "name": "radipis", 
        "start_line": 36
      }, 
      {
        "detail": "", 
        "end_line": 47, 
        "name": "turE xcepte urs", 
        "start_line": 45
      }, 
      {
        "detail": "", 
        "end_line": 51, 
        "name": "tcon se ctetu", 
        "start_line": 49
      }, 
      {
        "detail": "", 
        "end_line": 85, 
        "name": "duntutla boree", 
        "start_line": 53
      }, 
      {
        "detail": "", 
        "end_line": 88, 
        "name": "ecatcup idatatn \"onproi dentsu ntinculp aquioffi ciades eruntmo\" ll itani mide stla bo Lor emipsum dolorsi", 
        "start_line": 87
      }, 
      {
        "detail": "", 
        "end_line": 90, 
        "name": "por inci-did", 
        "start_line": 90
      }, 
      {
        "detail": "1.6.21", 
        "end_line": 91, 
        "name": "untu tlab oree tdolor", 
        "start_line": 91
      }, 
      {
        "detail": "1.5.21", 
        "end_line": 93, 
        "name": "em ag naali quaU teni", 
        "start_line": 92
      }, 
      {
        "detail": "", 
        "end_line": 98, 
        "name": "amcola", 
        "start_line": 95
      }, 
      {
        "detail": "", 
        "end_line": 117, 
        "name": "iaturE", 
        "start_line": 100
      }, 
      {
        "detail": "", 
        "end_line": 122, 
        "name": "dmini mveniam", 
        "start_line": 120
      }, 
      {
        "detail": "", 
        "end_line": 124, 
        "name": "ur edolorinrep", 
        "start_line": 123
      }, 
      {
        "detail": "", 
        "end_line": 127, 
        "name": "eufugi atnullap ariatu / rExcepteur", 
        "start_line": 126
      }, 
      {
        "detail": "", 
        "end_line": 129, 
        "name": "ntmol litan imi dest laboru Lorem", 
        "start_line": 129
      }, 
      {
        "detail": "", 
        "end_line": 131, 
        "name": "ipsum dolors ita?", 
        "start_line": 131
      }, 
      {
        "detail": "", 
        "end_line": 135, 
        "name": "metcon sect", 
        "start_line": 133
      }, 
      {
        "detail": "", 
        "end_line": 143, 
        "name": "ddoei://usm.odtempo.rin/cidid?u=ntutlabore8 etdol ore mag naaliquaU", 
        "start_line": 141
      }, 
      {
        "detail": "", 
        "end_line": 144, 
        "name": "teirured olori", 
        "start_line": 144
      }, 
      {
        "detail": "", 
        "end_line": 151, 
        "name": "nrepreh ender it inv", 
        "start_line": 145
      }, 
      {
        "detail": "", 
        "end_line": 161, 
        "name": "est Loremipsu mdo lorsi", 
        "start_line": 161
      }, 
      {
        "detail": "", 
        "end_line": 163, 
        "name": "tam etco ns ectetu", 
        "start_line": 163
      }, 
      {
        "detail": "", 
        "end_line": 172, 
        "name": "radip iscinge lits eddoeiusmo dt emp", 
        "start_line": 165
      }, 
      {
        "detail": "", 
        "end_line": 183, 
        "name": "reeuf", 
        "start_line": 174
      }, 
      {
        "detail": "", 
        "end_line": 186, 
        "name": "etcons", 
        "start_line": 186
      }, 
      {
        "detail": "", 
        "end_line": 216, 
        "name": "ecte tu", 
        "start_line": 187
      }, 
      {
        "detail": "", 
        "end_line": 219, 
        "name": "trudex", 
        "start_line": 217
      }, 
      {
        "detail": "", 
        "end_line": 225, 
        "name": "itinvolu ptate velitesse ci llumdol", 
        "start_line": 225
      }, 
      {
        "detail": "", 
        "end_line": 226, 
        "name": "oreeufu++ giat nullap", 
        "start_line": 226
      }, 
      {
        "detail": "", 
        "end_line": 227, 
        "name": "ariat urExc epteur sint occa", 
        "start_line": 227
      }, 
      {
        "detail": "", 
        "end_line": 252, 
        "name": "datatn", 
        "start_line": 233
      }, 
      {
        "detail": "", 
        "end_line": 256, 
        "name": "tincu lpaqu ioff iciadese", 
        "start_line": 254
      }, 
      {
        "detail": "", 
        "end_line": 257, 
        "name": "sectetura dipisci", 
        "start_line": 257
      }, 
      {
        "detail": "", 
        "end_line": 261, 
        "name": "ngelit", 
        "start_line": 258
      }, 
      {
        "detail": "", 
        "end_line": 263, 
        "name": "uipe", 
        "start_line": 262
      }, 
      {
        "detail": "", 
        "end_line": 287, 
        "name": "isaut eiru redo", 
        "start_line": 264
      }, 
      {
        "detail": "every 02.12", 
        "end_line": 292, 
        "name": "eeufug", 
        "start_line": 292
      }, 
      {
        "detail": "every 25.9", 
        "end_line": 293, 
        "name": "iatnu", 
        "start_line": 293
      }, 
      {
        "detail": "every 3.12", 
        "end_line": 294, 
        "name": "llap", 
        "start_line": 294
      }, 
      {
        "detail": "every 02.11", 
        "end_line": 295, 
        "name": "ari", 
        "start_line": 295
      }, 
      {
        "detail": "every 01.12", 
        "end_line": 296, 
        "name": "atu", 
        "start_line": 296
      }, 
      {
        "detail": "every 15.12", 
        "end_line": 297, 
        "name": "rExc", 
        "start_line": 297
      }, 
      {
        "detail": "every 11.08", 
        "end_line": 298, 
        "name": "epte", 
        "start_line": 298
      }, 
      {
        "detail": "every 18.08", 
        "end_line": 299, 
        "name": "ursin", 
        "start_line": 299
      }, 
      {
        "detail": "every 30.10", 
        "end_line": 300, 
        "name": "tocc", 
        "start_line": 300
      }, 
      {
        "detail": "every 2nd saturday", 
        "end_line": 305, 
        "name": "nonpro/ident", 
        "start_line": 305
      }, 
      {
        "detail": "every 4th saturday", 
        "end_line": 306, 
        "name": "sun", 
        "start_line": 306
      }, 
      {
        "detail": "every 15.", 
        "end_line": 307, 
        "name": "tincu & lpaquio", 
        "start_line": 307
      }, 
      {
        "detail": "every 28.", 
        "end_line": 308, 
        "name": "ffici & adeseru", 
        "start_line": 308
      }, 
      {
        "detail": "every 3.", 
        "end_line": 309, 
        "name": "ntmoll itanim idestl", 
        "start_line": 309
      }, 
      {
        "detail": "", 
        "end_line": 311, 
        "name": "aboru Loremi psum dolor's itam", 
        "start_line": 310
      }, 
      {
        "detail": "", 
        "end_line": 319, 
        "name": "liqua Ute/nimadmi nimveniam quisnostru", 
        "start_line": 313
      }, 
      {
        "detail": "", 
        "end_line": 348, 
        "name": "catcu - pidatatn onproi", 
        "start_line": 321
      }, 
      {
        "detail": "", 
        "end_line": 351, 
        "name": "tesse cil lumdolo / ree ufu gia", 
        "start_line": 350
      }, 
      {
        "detail": "", 
        "end_line": 357, 
        "name": "iatur Exc epteur sintocc w/ aec atc upidata tn onproi", 
        "start_line": 353
      }
    ]
  }
