input:
  todo_file: small_preview_todo.txt
output: |-
  {
    "overview": {
      "categories": [
        {
          "name": "_none",
          "moments": [
            {
              "name": "foo",
              "workState": "new",
              "docPos": {
                "lineNum": 0,
                "offset": 0,
                "length": 6
              }
            }
          ]
        },
        {
          "name": "LeCat",
          "moments": [
            {
              "name": "has now children",
              "workState": "new",
              "docPos": {
                "lineNum": 6,
                "offset": 45,
                "length": 19
              }
            }
          ]
        },
        {
          "name": "LeDog",
          "moments": [
            {
              "name": "is now and has now children",
              "workState": "new",
              "docPos": {
                "lineNum": 16,
                "offset": 221,
                "length": 40
              }
            }
          ]
        }
      ]
    },
    "today": [
      {
        "name": "has now children/child now",
        "start": "2021-04-17T00:00:00.000",
        "end": "2021-04-17T23:59:59.999",
        "timeOfDay": null,
        "priority": 0,
        "category": {
          "name": "LeCat",
          "color": "",
          "priority": 0,
          "docPos": {
            "lineNum": 3,
            "offset": 23,
            "length": 5
          }
        },
        "done": false,
        "workState": "new",
        "endsInRange": true,
        "originDocPos": {
          "lineNum": 8,
          "offset": 86,
          "length": 26
        }
      },
      {
        "name": "has now children/has sub now children/sub child now",
        "start": "2021-04-17T00:00:00.000",
        "end": "2021-04-17T23:59:59.999",
        "timeOfDay": null,
        "priority": 0,
        "category": {
          "name": "LeCat",
          "color": "",
          "priority": 0,
          "docPos": {
            "lineNum": 3,
            "offset": 23,
            "length": 5
          }
        },
        "done": false,
        "workState": "new",
        "endsInRange": true,
        "originDocPos": {
          "lineNum": 10,
          "offset": 141,
          "length": 35
        }
      },
      {
        "name": "is now and has now children",
        "start": "2021-04-17T00:00:00.000",
        "end": "2021-04-17T23:59:59.999",
        "timeOfDay": null,
        "priority": 0,
        "category": {
          "name": "LeDog",
          "color": "red",
          "priority": 0,
          "docPos": {
            "lineNum": 13,
            "offset": 193,
            "length": 11
          }
        },
        "done": false,
        "workState": "new",
        "endsInRange": true,
        "originDocPos": {
          "lineNum": 16,
          "offset": 221,
          "length": 40
        }
      },
      {
        "name": "is now and has now children/child now",
        "start": "2021-04-17T00:00:00.000",
        "end": "2021-04-17T23:59:59.999",
        "timeOfDay": null,
        "priority": 0,
        "category": {
          "name": "LeDog",
          "color": "red",
          "priority": 0,
          "docPos": {
            "lineNum": 13,
            "offset": 193,
            "length": 11
          }
        },
        "done": false,
        "workState": "new",
        "endsInRange": true,
        "originDocPos": {
          "lineNum": 17,
          "offset": 262,
          "length": 26
        }
      }
    ],
    "week": [
      {
        "name": "has now children/child now",
        "start": "2021-04-17T00:00:00.000",
        "end": "2021-04-17T23:59:59.999",
        "timeOfDay": null,
        "priority": 0,
        "category": {
          "name": "LeCat",
          "color": "",
          "priority": 0,
          "docPos": {
            "lineNum": 3,
            "offset": 23,
            "length": 5
          }
        },
        "done": false,
        "workState": "new",
        "endsInRange": true,
        "originDocPos": {
          "lineNum": 8,
          "offset": 86,
          "length": 26
        }
      },
      {
        "name": "has now children/has sub now children/sub child now",
        "start": "2021-04-12T00:00:00.000",
        "end": "2021-04-17T23:59:59.999",
        "timeOfDay": null,
        "priority": 0,
        "category": {
          "name": "LeCat",
          "color": "",
          "priority": 0,
          "docPos": {
            "lineNum": 3,
            "offset": 23,
            "length": 5
          }
        },
        "done": false,
        "workState": "new",
        "endsInRange": true,
        "originDocPos": {
          "lineNum": 10,
          "offset": 141,
          "length": 35
        }
      },
      {
        "name": "is now and has now children",
        "start": "2021-04-17T00:00:00.000",
        "end": "2021-04-17T23:59:59.999",
        "timeOfDay": null,
        "priority": 0,
        "category": {
          "name": "LeDog",
          "color": "red",
          "priority": 0,
          "docPos": {
            "lineNum": 13,
            "offset": 193,
            "length": 11
          }
        },
        "done": false,
        "workState": "new",
        "endsInRange": true,
        "originDocPos": {
          "lineNum": 16,
          "offset": 221,
          "length": 40
        }
      },
      {
        "name": "is now and has now children/child now",
        "start": "2021-04-17T00:00:00.000",
        "end": "2021-04-17T23:59:59.999",
        "timeOfDay": null,
        "priority": 0,
        "category": {
          "name": "LeDog",
          "color": "red",
          "priority": 0,
          "docPos": {
            "lineNum": 13,
            "offset": 193,
            "length": 11
          }
        },
        "done": false,
        "workState": "new",
        "endsInRange": true,
        "originDocPos": {
          "lineNum": 17,
          "offset": 262,
          "length": 26
        }
      }
    ],
    "calendar": [
      {
        "title": "has now children/child now",
        "start": "2021-04-17",
        "end": "2021-04-18",
        "color": ""
      },
      {
        "title": "has now children/has sub now children/sub child now",
        "start": "2021-04-12",
        "end": "2021-04-18",
        "color": ""
      },
      {
        "title": "is now and has now children",
        "start": "2021-04-17",
        "end": "2021-04-18",
        "color": "red"
      },
      {
        "title": "is now and has now children/child now",
        "start": "2021-04-17",
        "end": "2021-04-18",
        "color": "red"
      }
    ]
  }
